npm error Missing script: "build"
npm error
npm error To see a list of scripts, run:
npm error   npm run
npm error A complete log of this run can be found in: C:\Users\hexiuqi\AppData\Local\npm-cache\_logs\2026-01-18T01_45_42_654Z-debug-0.log
